Mode A: Pure NSGA-II baseline (test (Smoke test (~30 gens, 10 pop, 2-5 min)))

Experiment: Experiment A: Pure NSGA-II
Profile: TEST
Config: Pure NSGA-II Baseline

Output Directory:
output\a-baseline-nsga-only\evaluation_20251130_164259_experiment_a_test


schedule engine

seed: 69
output:
output\a-baseline-nsga-only\evaluation_20251130_164259_experiment_a_test

loading data
[!info] Found 146 unique course codes enrolled by groups
[!info] Filtered 239 course objects from 668 total in database
[!info] (429 courses excluded - not enrolled by any group)

[!warn] groups enrolled but courses missing
  CE604: BCE5A, BCE5B, BCE5C, BCE5D, BCE5E, BCE5F (ltp null)
  ENCE 256: BCE4A, BCE4B, BCE4C, BCE4D, BCE4E, BCE4F (ltp null)
  ENIE 254: BIE4A, BIE4B (ltp null)
  ME706: BME7A, BME7B (ltp null)
  16 course enrollments skipped

[!info] Data loading completed in 0.03s (parallel)

  courses: 239
  groups:  74
  instructors: 181
  rooms:  67
  quanta:  42

validating input

[!warn] Validation passed with warnings. Review before running GA.


  [!ok] validation passed


feasibility analysis

[!ok] Instructor Workload vs Availability
  Demand: 759 quanta, Supply: 2477 quanta [!ok] (Utilization: 30.6%)

[!ok] Instructor Qualification Bottleneck
  All 239 courses have sufficient qualified instructor availability [!ok]

[!ok] Room Capacity Bottleneck
  Seat-hours sufficient: 108,864 available, 61,392 needed [!ok] (56.4%)

[!ok] Room Feature Bottleneck
  All required room features have sufficient availability [!ok]

[!ok] Group Pigeonhole Problem
  All 74 groups have feasible course loads [!ok] (Max utilization: 95.2%)


summary

+-----------------------+
| Total Checks      | 5 |
| Passed            | 5 |
| Failed            | 0 |
| Critical Failures | 0 |
+-----------------------+

[!ok] problem is feasible
  all critical checks passed. GA should find a solution.
  note: this doesn't guarantee a perfect solution exists

  saved:
output\a-baseline-nsga-only\evaluation_20251130_164259_experiment_a_test\log_fe
asibility.log

[!info] parallel mode: 32 workers

  run log:
output\a-baseline-nsga-only\evaluation_20251130_164259_experiment_a_test\log_ru
n.log
  metrics csv:
output\a-baseline-nsga-only\evaluation_20251130_164259_experiment_a_test\csv\co
nstraint_metrics.csv

genetic algorithm
  population: 10 | generations: 30
  crossover: 70.0% | mutation: 20.0%
  constraints: 8 hard, 4 soft
  repair: disabled

  performance profiling: enabled (micro-breakdown per generation)
   GA fitness evaluation: CPU multiprocessing only
   No heuristics enabled for round-robin
   Parallel heuristic executor: ENABLED (10-16x speedup)

Evaluating Initial Population...
   [!ok] Evaluated 10 individuals in 0.1s (0.01s per individual)
   Initial Best: Hard=6138, Soft=1509.00


Traceback (most recent call last):
  File "C:\Users\Administrator\Desktop\nsga\main.py", line 228, in main
    result = run_standard_workflow(
             ^^^^^^^^^^^^^^^^^^^^^^
  File "C:\Users\Administrator\Desktop\nsga\src\workflows\standard_run.py", line 427, in run_standard_workflow
    scheduler.evolve()
  File "C:\Users\Administrator\Desktop\nsga\src\core\ga_scheduler.py", line 1394, in evolve
    self._run_evolution()
  File "C:\Users\Administrator\Desktop\nsga\src\core\ga_scheduler.py", line 1407, in _run_evolution
    self._print_startup_banner()
  File "C:\Users\Administrator\Desktop\nsga\src\core\ga_scheduler.py", line 1381, in _print_startup_banner
    console.print(
  File "C:\Users\Administrator\Desktop\nsga\.venv\Lib\site-packages\rich\console.py", line 1678, in print
    with self:
         ^^^^
  File "C:\Users\Administrator\Desktop\nsga\.venv\Lib\site-packages\rich\console.py", line 864, in __exit__
    self._exit_buffer()
  File "C:\Users\Administrator\Desktop\nsga\.venv\Lib\site-packages\rich\console.py", line 822, in _exit_buffer
    self._check_buffer()
  File "C:\Users\Administrator\Desktop\nsga\.venv\Lib\site-packages\rich\console.py", line 2019, in _check_buffer
    self._write_buffer()
  File "C:\Users\Administrator\Desktop\nsga\.venv\Lib\site-packages\rich\console.py", line 2055, in _write_buffer
    legacy_windows_render(buffer, LegacyWindowsTerm(self.file))
  File "C:\Users\Administrator\Desktop\nsga\.venv\Lib\site-packages\rich\_windows_renderer.py", line 17, in legacy_windows_render
    term.write_styled(text, style)
  File "C:\Users\Administrator\Desktop\nsga\.venv\Lib\site-packages\rich\_win32_console.py", line 441, in write_styled
    self.write_text(text)
  File "C:\Users\Administrator\Desktop\nsga\.venv\Lib\site-packages\rich\_win32_console.py", line 402, in write_text
    self.write(text)
  File "C:\Users\Administrator\AppData\Roaming\uv\python\cpython-3.12.12-windows-x86_64-none\Lib\encodings\cp1252.py", line 19, in encode
    return codecs.charmap_encode(input,self.errors,encoding_table)[0]
           ^^^^^^^^^^^^^^^^^^^^^^^^^^^^^^^^^^^^^^^^^^^^^^^^^^^^^^^
UnicodeEncodeError: 'charmap' codec can't encode characters in position 0-1: character maps to <undefined>

During handling of the above exception, another exception occurred:

Traceback (most recent call last):
  File "<frozen runpy>", line 198, in _run_module_as_main
  File "<frozen runpy>", line 88, in _run_code
  File "C:\Users\Administrator\Desktop\nsga\.venv\Scripts\baseline.exe\__main__.py", line 10, in <module>
  File "C:\Users\Administrator\Desktop\nsga\scripts\launcher.py", line 170, in main_baseline
    sys.exit(main() or 0)
             ^^^^^^
  File "C:\Users\Administrator\Desktop\nsga\main.py", line 257, in main
    console.print(f"\n[red]Error:[/red] {e}")
  File "C:\Users\Administrator\Desktop\nsga\.venv\Lib\site-packages\rich\console.py", line 1678, in print
    with self:
         ^^^^
  File "C:\Users\Administrator\Desktop\nsga\.venv\Lib\site-packages\rich\console.py", line 864, in __exit__
    self._exit_buffer()
  File "C:\Users\Administrator\Desktop\nsga\.venv\Lib\site-packages\rich\console.py", line 822, in _exit_buffer
    self._check_buffer()
  File "C:\Users\Administrator\Desktop\nsga\.venv\Lib\site-packages\rich\console.py", line 2019, in _check_buffer
    self._write_buffer()
  File "C:\Users\Administrator\Desktop\nsga\.venv\Lib\site-packages\rich\console.py", line 2055, in _write_buffer
    legacy_windows_render(buffer, LegacyWindowsTerm(self.file))
  File "C:\Users\Administrator\Desktop\nsga\.venv\Lib\site-packages\rich\_windows_renderer.py", line 17, in legacy_windows_render
    term.write_styled(text, style)
  File "C:\Users\Administrator\Desktop\nsga\.venv\Lib\site-packages\rich\_win32_console.py", line 441, in write_styled
    self.write_text(text)
  File "C:\Users\Administrator\Desktop\nsga\.venv\Lib\site-packages\rich\_win32_console.py", line 402, in write_text
    self.write(text)
  File "C:\Users\Administrator\AppData\Roaming\uv\python\cpython-3.12.12-windows-x86_64-none\Lib\encodings\cp1252.py", line 19, in encode
    return codecs.charmap_encode(input,self.errors,encoding_table)[0]
           ^^^^^^^^^^^^^^^^^^^^^^^^^^^^^^^^^^^^^^^^^^^^^^^^^^^^^^^
UnicodeEncodeError: 'charmap' codec can't encode characters in position 0-1: character maps to <undefined>
+----------------------------- +-----------------------------
